\BOOKMARK [1][-]{section.1}{\376\377\000T\000R\000\315\000\040\000T\000U\036\306\000\040\000N\000H\000\302\000N\000\040\000T\036\240\000O\000\040\000V\000\300\000\040\000T\000I\036\300\000N\000\040\000X\036\354\000\040\000L\000\335\000\040\000D\036\356\000\040\000L\000I\036\306\000U\000\040\000\050\000A\000D\000V\000A\000N\000C\000E\000D\000\040\000P\000R\000E\000P\000R\000O\000C\000E\000S\000S\000I\000N\000G\000\051}{}% 1
\BOOKMARK [2][-]{subsection.1.1}{\376\377\000T\036\325\000n\000g\000\040\000q\000u\000a\000n\000\040\000v\036\301\000\040\000T\000r\000\355\000\040\000t\000u\036\307\000\040\000n\000h\000\342\000n\000\040\000t\036\241\000o\000\040\000\050\000A\000I\000\051}{section.1}% 2
\BOOKMARK [2][-]{subsection.1.2}{\376\377\000V\000a\000i\000\040\000t\000r\000\362\000\040\000c\036\347\000a\000\040\000T\000i\036\301\000n\000\040\000x\036\355\000\040\000l\000\375\000\040\000d\036\357\000\040\000l\000i\036\307\000u\000\040\000t\000r\000o\000n\000g\000\040\000M\000L\000/\000D\000L}{section.1}% 3
\BOOKMARK [2][-]{subsection.1.3}{\376\377\000C\000\341\000c\000\040\000k\036\371\000\040\000t\000h\000u\036\255\000t\000\040\000T\000i\036\301\000n\000\040\000x\036\355\000\040\000l\000\375\000\040\000C\001\241\000\040\000b\036\243\000n}{section.1}% 4
\BOOKMARK [2][-]{subsection.1.4}{\376\377\000C\000\341\000c\000\040\000k\036\371\000\040\000t\000h\000u\036\255\000t\000\040\000T\000i\036\301\000n\000\040\000x\036\355\000\040\000l\000\375\000\040\000N\000\342\000n\000g\000\040\000c\000a\000o}{section.1}% 5
\BOOKMARK [2][-]{subsection.1.5}{\376\377\000T\000h\036\361\000c\000\040\000n\000g\000h\000i\036\307\000m\000\040\000c\000h\000u\000y\000\352\000n\000\040\000s\000\342\000u\000\040\000t\000r\000\352\000n\000\040\0004\000\040\000D\000a\000t\000a\000s\000e\000t\000s}{section.1}% 6
\BOOKMARK [3][-]{subsubsection.1.5.1}{\376\377\000D\000a\000t\000a\000s\000e\000t\000\040\0001\000:\000\040\000U\000s\000e\000d\000\040\000C\000a\000r\000\040\000P\000r\000i\000c\000e\000\040\000\050\000N\000u\000m\000e\000r\000i\000c\000a\000l\000\040\000-\000\040\000O\000u\000t\000l\000i\000e\000r\000s\000\040\000\046\000\040\000F\000e\000a\000t\000u\000r\000e\000\040\000D\000e\000r\000i\000v\000a\000t\000i\000o\000n\000\051}{subsection.1.5}% 7
\BOOKMARK [4][-]{paragraph.1.5.1.1}{\376\377\000P\000h\000\342\000n\000\040\000t\000\355\000c\000h\000\040\000b\036\331\000\040\000d\036\357\000\040\000l\000i\036\307\000u\000\040\000U\000s\000e\000d\000\040\000C\000a\000r\000\040\000P\000r\000i\000c\000e}{subsubsection.1.5.1}% 8
\BOOKMARK [4][-]{paragraph.1.5.1.2}{\376\377\000P\000h\000\342\000n\000\040\000t\000\355\000c\000h\000\040\000k\000h\000\341\000m\000\040\000p\000h\000\341\000\040\000d\036\357\000\040\000l\000i\036\307\000u\000\040\000\050\000E\000D\000A\000\051}{subsubsection.1.5.1}% 9
\BOOKMARK [4][-]{paragraph.1.5.1.3}{\376\377\000T\000i\036\301\000n\000\040\000x\036\355\000\040\000l\000\375\000\040\000v\000\340\000\040\000K\036\371\000\040\000t\000h\000u\036\255\000t\000\040\001\021\036\267\000c\000\040\000t\000r\001\260\000n\000g}{subsubsection.1.5.1}% 10
\BOOKMARK [4][-]{paragraph.1.5.1.4}{\376\377\000K\036\371\000\040\000t\000h\000u\036\255\000t\000\040\000x\036\355\000\040\000l\000\375\000:\000\040\000F\000e\000a\000t\000u\000r\000e\000\040\000D\000e\000r\000i\000v\000a\000t\000i\000o\000n\000\040\000v\000\340\000\040\000O\000u\000t\000l\000i\000e\000r\000s}{subsubsection.1.5.1}% 11
\BOOKMARK [4][-]{paragraph.1.5.1.5}{\376\377\000K\036\277\000t\000\040\000q\000u\036\243\000\040\000t\000h\036\361\000c\000\040\000n\000g\000h\000i\036\307\000m\000\040\000v\000\340\000\040\001\020\000\341\000n\000h\000\040\000g\000i\000\341}{subsubsection.1.5.1}% 12
\BOOKMARK [4][-]{paragraph.1.5.1.6}{\376\377\000P\000h\036\345\000\040\000l\036\345\000c\000:\000\040\000C\000h\000i\000\040\000t\000i\036\277\000t\000\040\000q\000u\000\341\000\040\000t\000r\000\354\000n\000h\000\040\000t\000h\036\361\000c\000\040\000h\000i\036\307\000n\000\040\000t\000h\036\361\000c\000\040\000n\000g\000h\000i\036\307\000m\000\040\000U\000s\000e\000d\000\040\000C\000a\000r\000\040\000P\000r\000i\000c\000e}{subsubsection.1.5.1}% 13
\BOOKMARK [3][-]{subsubsection.1.5.2}{\376\377\000D\000a\000t\000a\000s\000e\000t\000\040\0002\000:\000\040\000T\000e\000l\000c\000o\000\040\000C\000h\000u\000r\000n\000\040\000\050\000T\000a\000b\000u\000l\000a\000r\000\040\000-\000\040\000C\000l\000a\000s\000s\000\040\000I\000m\000b\000a\000l\000a\000n\000c\000e\000\040\000\046\000\040\000S\000M\000O\000T\000E\000\051}{subsection.1.5}% 14
\BOOKMARK [4][-]{paragraph.1.5.2.1}{\376\377\000P\000h\000\342\000n\000\040\000t\000\355\000c\000h\000\040\000b\036\331\000\040\000d\036\357\000\040\000l\000i\036\307\000u\000\040\000T\000e\000l\000c\000o\000\040\000C\000h\000u\000r\000n}{subsubsection.1.5.2}% 15
\BOOKMARK [4][-]{paragraph.1.5.2.2}{\376\377\000P\000h\000\342\000n\000\040\000t\000\355\000c\000h\000\040\000b\000i\036\277\000n\000\040\000m\036\345\000c\000\040\000t\000i\000\352\000u\000\040\000v\000\340\000\040\000c\000\341\000c\000\040\000y\036\277\000u\000\040\000t\036\321\000\040\036\243\000n\000h\000\040\000h\001\260\036\337\000n\000g}{subsubsection.1.5.2}% 16
\BOOKMARK [4][-]{paragraph.1.5.2.3}{\376\377\000K\036\371\000\040\000t\000h\000u\036\255\000t\000\040\000x\036\355\000\040\000l\000\375\000:\000\040\000C\000\342\000n\000\040\000b\036\261\000n\000g\000\040\000d\036\357\000\040\000l\000i\036\307\000u\000\040\000v\036\333\000i\000\040\000S\000M\000O\000T\000E}{subsubsection.1.5.2}% 17
\BOOKMARK [4][-]{paragraph.1.5.2.4}{\376\377\000K\036\277\000t\000\040\000q\000u\036\243\000\040\000t\000h\036\361\000c\000\040\000n\000g\000h\000i\036\307\000m}{subsubsection.1.5.2}% 18
\BOOKMARK [4][-]{paragraph.1.5.2.5}{\376\377\000F\000e\000a\000t\000u\000r\000e\000\040\000I\000m\000p\000o\000r\000t\000a\000n\000c\000e}{subsubsection.1.5.2}% 19
\BOOKMARK [4][-]{paragraph.1.5.2.6}{\376\377\000P\000h\036\345\000\040\000l\036\345\000c\000:\000\040\000C\000h\000i\000\040\000t\000i\036\277\000t\000\040\000q\000u\000\341\000\040\000t\000r\000\354\000n\000h\000\040\000t\000h\036\361\000c\000\040\000h\000i\036\307\000n\000\040\000t\000h\036\361\000c\000\040\000n\000g\000h\000i\036\307\000m\000\040\000T\000e\000l\000c\000o\000\040\000C\000h\000u\000r\000n}{subsubsection.1.5.2}% 20
\BOOKMARK [3][-]{subsubsection.1.5.3}{\376\377\000D\000a\000t\000a\000s\000e\000t\000\040\0003\000:\000\040\000C\000r\000e\000d\000i\000t\000\040\000C\000a\000r\000d\000\040\000F\000r\000a\000u\000d\000\040\000\050\000A\000n\000o\000m\000a\000l\000y\000\040\000-\000\040\000P\000r\000e\000c\000i\000s\000i\000o\000n\000-\000R\000e\000c\000a\000l\000l\000\040\000F\000o\000c\000u\000s\000\051}{subsection.1.5}% 21
\BOOKMARK [4][-]{paragraph.1.5.3.1}{\376\377\000P\000h\000\342\000n\000\040\000t\000\355\000c\000h\000\040\000b\036\331\000\040\000d\036\357\000\040\000l\000i\036\307\000u\000\040\000C\000r\000e\000d\000i\000t\000\040\000C\000a\000r\000d\000\040\000F\000r\000a\000u\000d}{subsubsection.1.5.3}% 22
\BOOKMARK [4][-]{paragraph.1.5.3.2}{\376\377\001\020\036\267\000c\000\040\000t\000h\000\371\000\040\000d\036\357\000\040\000l\000i\036\307\000u\000\040\000v\000\340\000\040\000P\000h\000\342\000n\000\040\000t\000\355\000c\000h\000\040\000c\036\245\000u\000\040\000t\000r\000\372\000c}{subsubsection.1.5.3}% 23
\BOOKMARK [4][-]{paragraph.1.5.3.3}{\376\377\000K\036\277\000t\000\040\000q\000u\036\243\000\040\000t\000h\036\361\000c\000\040\000n\000g\000h\000i\036\307\000m}{subsubsection.1.5.3}% 24
\BOOKMARK [3][-]{subsubsection.1.5.4}{\376\377\000D\000a\000t\000a\000s\000e\000t\000\040\0004\000:\000\040\000A\000d\000u\000l\000t\000\040\000C\000e\000n\000s\000u\000s\000\040\000\050\000C\000a\000t\000e\000g\000o\000r\000i\000c\000a\000l\000\040\000-\000\040\000T\000a\000r\000g\000e\000t\000\040\000E\000n\000c\000o\000d\000i\000n\000g\000\051}{subsection.1.5}% 25
\BOOKMARK [4][-]{paragraph.1.5.4.1}{\376\377\000P\000h\000\342\000n\000\040\000t\000\355\000c\000h\000\040\000b\036\331\000\040\000d\036\357\000\040\000l\000i\036\307\000u\000\040\000A\000d\000u\000l\000t\000\040\000C\000e\000n\000s\000u\000s\000\040\000I\000n\000c\000o\000m\000e}{subsubsection.1.5.4}% 26
\BOOKMARK [4][-]{paragraph.1.5.4.2}{\376\377\000P\000h\000\342\000n\000\040\000t\000\355\000c\000h\000\040\001\021\036\267\000c\000\040\000t\000r\001\260\000n\000g\000\040\000h\036\241\000n\000g\000\040\000m\036\345\000c}{subsubsection.1.5.4}% 27
\BOOKMARK [4][-]{paragraph.1.5.4.3}{\376\377\000K\036\371\000\040\000t\000h\000u\036\255\000t\000\040\000x\036\355\000\040\000l\000\375\000:\000\040\000T\000a\000r\000g\000e\000t\000\040\000E\000n\000c\000o\000d\000i\000n\000g}{subsubsection.1.5.4}% 28
\BOOKMARK [4][-]{paragraph.1.5.4.4}{\376\377\000K\036\277\000t\000\040\000q\000u\036\243\000\040\000t\000h\036\361\000c\000\040\000n\000g\000h\000i\036\307\000m}{subsubsection.1.5.4}% 29
\BOOKMARK [4][-]{paragraph.1.5.4.5}{\376\377\000P\000h\036\345\000\040\000l\036\345\000c\000:\000\040\000C\000h\000i\000\040\000t\000i\036\277\000t\000\040\000q\000u\000\341\000\040\000t\000r\000\354\000n\000h\000\040\000t\000h\036\361\000c\000\040\000h\000i\036\307\000n\000\040\000t\000h\036\361\000c\000\040\000n\000g\000h\000i\036\307\000m\000\040\000A\000d\000u\000l\000t\000\040\000C\000e\000n\000s\000u\000s}{subsubsection.1.5.4}% 30
\BOOKMARK [2][-]{subsection.1.6}{\376\377\000T\036\325\000n\000g\000\040\000k\036\277\000t\000\040\000C\000h\001\260\001\241\000n\000g\000\040\0001}{section.1}% 31
\BOOKMARK [1][-]{section.2}{\376\377\000M\036\240\000N\000G\000\040\000N\001\240\000-\000R\000O\000N\000\040\000T\000\315\000C\000H\000\040\000C\000H\036\254\000P\000\040\000\050\000C\000N\000N\000\040\000-\000\040\000D\000E\000E\000P\000\040\000V\000I\000S\000I\000O\000N\000\051}{}% 32
\BOOKMARK [2][-]{subsection.2.1}{\376\377\000T\036\325\000n\000g\000\040\000q\000u\000a\000n\000\040\000v\036\301\000\040\000M\036\241\000n\000g\000\040\000N\001\241\000-\000r\000o\000n\000\040\000T\000\355\000c\000h\000\040\000c\000h\036\255\000p\000\040\000\050\000C\000N\000N\000\051}{section.2}% 33
\BOOKMARK [3][-]{subsubsection.2.1.1}{\376\377\000C\036\245\000u\000\040\000t\000r\000\372\000c\000\040\000c\001\241\000\040\000b\036\243\000n\000\040\000c\036\347\000a\000\040\000C\000N\000N}{subsection.2.1}% 34
\BOOKMARK [2][-]{subsection.2.2}{\376\377\000L\036\313\000c\000h\000\040\000s\036\355\000\040\000p\000h\000\341\000t\000\040\000t\000r\000i\036\303\000n\000\040\000v\000\340\000\040\000c\000\341\000c\000\040\000k\000i\036\277\000n\000\040\000t\000r\000\372\000c\000\040\000k\000i\000n\000h\000\040\001\021\000i\036\303\000n}{section.2}% 35
\BOOKMARK [2][-]{subsection.2.3}{\376\377\000K\036\371\000\040\000t\000h\000u\036\255\000t\000\040\000H\036\315\000c\000\040\000c\000h\000u\000y\036\303\000n\000\040\001\021\036\325\000i\000\040\000\050\000T\000r\000a\000n\000s\000f\000e\000r\000\040\000L\000e\000a\000r\000n\000i\000n\000g\000\051}{section.2}% 36
\BOOKMARK [2][-]{subsection.2.4}{\376\377\000T\000h\036\361\000c\000\040\000n\000g\000h\000i\036\307\000m\000\040\000c\000h\000u\000y\000\352\000n\000\040\000s\000\342\000u\000\040\000t\000r\000\352\000n\000\040\0004\000\040\000D\000a\000t\000a\000s\000e\000t\000s\000\040\000\046\000\040\0004\000\040\000M\000o\000d\000e\000l\000s}{section.2}% 37
\BOOKMARK [3][-]{subsubsection.2.4.1}{\376\377\000D\000a\000t\000a\000s\000e\000t\000\040\0001\000:\000\040\000I\000n\000t\000e\000l\000\040\000I\000m\000a\000g\000e\000\040\000C\000l\000a\000s\000s\000i\000f\000i\000c\000a\000t\000i\000o\000n\000\040\000\050\000C\000u\000s\000t\000o\000m\000\040\000C\000N\000N\000\051}{subsection.2.4}% 38
\BOOKMARK [4][-]{paragraph.2.4.1.1}{\376\377\000T\000h\036\361\000c\000\040\000n\000g\000h\000i\036\307\000m\000\040\000v\036\333\000i\000\040\000I\000n\000t\000e\000l\000\040\000I\000m\000a\000g\000e\000\040\000C\000l\000a\000s\000s\000i\000f\000i\000c\000a\000t\000i\000o\000n}{subsubsection.2.4.1}% 39
\BOOKMARK [4][-]{paragraph.2.4.1.2}{\376\377\000P\000h\000\342\000n\000\040\000t\000\355\000c\000h\000\040\000D\036\357\000\040\000l\000i\036\307\000u\000\040\000\050\000E\000D\000A\000\051\000\040\000v\000\340\000\040\000T\000i\036\301\000n\000\040\000x\036\355\000\040\000l\000\375}{subsubsection.2.4.1}% 40
\BOOKMARK [4][-]{paragraph.2.4.1.3}{\376\377\000M\000\364\000\040\000h\000\354\000n\000h\000\040\000C\000u\000s\000t\000o\000m\000\040\000C\000N\000N}{subsubsection.2.4.1}% 41
\BOOKMARK [4][-]{paragraph.2.4.1.4}{\376\377\000K\036\277\000t\000\040\000q\000u\036\243\000\040\000h\000u\036\245\000n\000\040\000l\000u\000y\036\307\000n\000\040\000v\000\340\000\040\001\020\000\341\000n\000h\000\040\000g\000i\000\341}{subsubsection.2.4.1}% 42
\BOOKMARK [4][-]{paragraph.2.4.1.5}{\376\377\000P\000h\036\345\000\040\000l\036\345\000c\000:\000\040\000Q\000u\000y\000\040\000t\000r\000\354\000n\000h\000\040\000t\000h\036\361\000c\000\040\000n\000g\000h\000i\036\307\000m\000\040\000c\000h\000i\000\040\000t\000i\036\277\000t}{subsubsection.2.4.1}% 43
\BOOKMARK [3][-]{subsubsection.2.4.2}{\376\377\000D\000a\000t\000a\000s\000e\000t\000\040\0002\000:\000\040\000F\000l\000o\000w\000e\000r\000s\000-\0001\0000\0002\000\040\000\050\000M\000o\000b\000i\000l\000e\000N\000e\000t\000V\0002\000\040\000-\000\040\000T\000r\000a\000n\000s\000f\000e\000r\000\040\000L\000e\000a\000r\000n\000i\000n\000g\000\051}{subsection.2.4}% 44
\BOOKMARK [4][-]{paragraph.2.4.2.1}{\376\377\000T\000h\036\361\000c\000\040\000n\000g\000h\000i\036\307\000m\000\040\000v\036\333\000i\000\040\000F\000l\000o\000w\000e\000r\000s\000-\0001\0000\0002}{subsubsection.2.4.2}% 45
\BOOKMARK [4][-]{paragraph.2.4.2.2}{\376\377\000P\000h\000\342\000n\000\040\000t\000\355\000c\000h\000\040\000D\036\357\000\040\000l\000i\036\307\000u\000\040\000v\000\340\000\040\000T\000i\036\301\000n\000\040\000x\036\355\000\040\000l\000\375}{subsubsection.2.4.2}% 46
\BOOKMARK [4][-]{paragraph.2.4.2.3}{\376\377\000M\000o\000b\000i\000l\000e\000N\000e\000t\000V\0002\000\040\000v\000\340\000\040\000T\000r\000a\000n\000s\000f\000e\000r\000\040\000L\000e\000a\000r\000n\000i\000n\000g}{subsubsection.2.4.2}% 47
\BOOKMARK [4][-]{paragraph.2.4.2.4}{\376\377\000K\036\277\000t\000\040\000q\000u\036\243\000\040\000t\000h\036\361\000c\000\040\000n\000g\000h\000i\036\307\000m}{subsubsection.2.4.2}% 48
\BOOKMARK [3][-]{subsubsection.2.4.3}{\376\377\000D\000a\000t\000a\000s\000e\000t\000\040\0003\000:\000\040\000C\000h\000e\000s\000t\000\040\000X\000-\000R\000a\000y\000\040\000P\000n\000e\000u\000m\000o\000n\000i\000a\000\040\000\050\000R\000e\000s\000N\000e\000t\000-\0005\0000\000\040\000-\000\040\000F\000i\000n\000e\000-\000t\000u\000n\000i\000n\000g\000\051}{subsection.2.4}% 49
\BOOKMARK [4][-]{paragraph.2.4.3.1}{\376\377\000T\000h\036\361\000c\000\040\000n\000g\000h\000i\036\307\000m\000\040\000v\036\333\000i\000\040\000C\000h\000e\000s\000t\000\040\000X\000-\000R\000a\000y\000\040\000P\000n\000e\000u\000m\000o\000n\000i\000a}{subsubsection.2.4.3}% 50
\BOOKMARK [4][-]{paragraph.2.4.3.2}{\376\377\000P\000h\000\342\000n\000\040\000t\000\355\000c\000h\000\040\000D\036\357\000\040\000l\000i\036\307\000u\000\040\000Y\000\040\000t\036\277}{subsubsection.2.4.3}% 51
\BOOKMARK [4][-]{paragraph.2.4.3.3}{\376\377\000R\000e\000s\000N\000e\000t\000-\0005\0000\000\040\000v\000\340\000\040\000F\000i\000n\000e\000-\000t\000u\000n\000i\000n\000g}{subsubsection.2.4.3}% 52
\BOOKMARK [4][-]{paragraph.2.4.3.4}{\376\377\000K\036\277\000t\000\040\000q\000u\036\243\000\040\000v\000\340\000\040\000P\000h\000\342\000n\000\040\000t\000\355\000c\000h\000\040\000c\000h\000u\000y\000\352\000n\000\040\000s\000\342\000u}{subsubsection.2.4.3}% 53
\BOOKMARK [4][-]{paragraph.2.4.3.5}{\376\377\000P\000h\036\345\000\040\000l\036\345\000c\000:\000\040\000Q\000u\000y\000\040\000t\000r\000\354\000n\000h\000\040\000t\000h\036\361\000c\000\040\000n\000g\000h\000i\036\307\000m\000\040\000c\000h\000i\000\040\000t\000i\036\277\000t}{subsubsection.2.4.3}% 54
\BOOKMARK [3][-]{subsubsection.2.4.4}{\376\377\000D\000a\000t\000a\000s\000e\000t\000\040\0004\000:\000\040\000N\000a\000t\000u\000r\000a\000l\000\040\000I\000m\000a\000g\000e\000s\000\040\000\050\000E\000f\000f\000i\000c\000i\000e\000n\000t\000N\000e\000t\000-\000B\0000\000\040\000\046\000\040\000G\000r\000a\000d\000-\000C\000A\000M\000\051}{subsection.2.4}% 55
\BOOKMARK [4][-]{paragraph.2.4.4.1}{\376\377\000T\000h\036\361\000c\000\040\000n\000g\000h\000i\036\307\000m\000\040\000v\036\333\000i\000\040\000N\000a\000t\000u\000r\000a\000l\000\040\000I\000m\000a\000g\000e\000s\000\040\000v\000\340\000\040\000G\000r\000a\000d\000-\000C\000A\000M}{subsubsection.2.4.4}% 56
\BOOKMARK [4][-]{paragraph.2.4.4.2}{\376\377\000P\000h\000\342\000n\000\040\000t\000\355\000c\000h\000\040\000D\036\357\000\040\000l\000i\036\307\000u\000\040\000v\000\340\000\040\000T\000i\036\301\000n\000\040\000x\036\355\000\040\000l\000\375}{subsubsection.2.4.4}% 57
\BOOKMARK [4][-]{paragraph.2.4.4.3}{\376\377\000E\000f\000f\000i\000c\000i\000e\000n\000t\000N\000e\000t\000-\000B\0000}{subsubsection.2.4.4}% 58
\BOOKMARK [4][-]{paragraph.2.4.4.4}{\376\377\000K\036\277\000t\000\040\000q\000u\036\243\000\040\000h\000u\036\245\000n\000\040\000l\000u\000y\036\307\000n\000\040\000v\000\340\000\040\000T\000r\036\361\000c\000\040\000q\000u\000a\000n\000\040\000h\000\363\000a\000\040\000G\000r\000a\000d\000-\000C\000A\000M}{subsubsection.2.4.4}% 59
\BOOKMARK [2][-]{subsection.2.5}{\376\377\000S\000o\000\040\000s\000\341\000n\000h\000\040\000v\000\340\000\040\001\020\000\341\000n\000h\000\040\000g\000i\000\341\000\040\000t\036\325\000n\000g\000\040\000h\036\343\000p\000\040\000\050\000B\000e\000n\000c\000h\000m\000a\000r\000k\000i\000n\000g\000\051}{section.2}% 60
\BOOKMARK [2][-]{subsection.2.6}{\376\377\000T\036\325\000n\000g\000\040\000k\036\277\000t\000\040\000C\000h\001\260\001\241\000n\000g\000\040\0002}{section.2}% 61
\BOOKMARK [1][-]{section.3}{\376\377\000M\036\240\000N\000G\000\040\000N\001\240\000-\000R\000O\000N\000\040\000H\036\322\000I\000\040\000Q\000U\000Y\000\040\000\050\000R\000N\000N\000\040\000-\000\040\000T\000E\000M\000P\000O\000R\000A\000L\000\040\000C\000O\000N\000T\000E\000X\000T\000\051}{}% 62
\BOOKMARK [2][-]{subsection.3.1}{\376\377\000T\036\325\000n\000g\000\040\000q\000u\000a\000n\000\040\000v\036\301\000\040\000M\036\241\000n\000g\000\040\000n\001\241\000-\000r\000o\000n\000\040\000h\036\323\000i\000\040\000q\000u\000y\000\040\000\050\000R\000N\000N\000\051}{section.3}% 63
\BOOKMARK [2][-]{subsection.3.2}{\376\377\001\257\000u\000\040\001\021\000i\036\303\000m\000\040\000v\000\340\000\040\000H\036\241\000n\000\040\000c\000h\036\277\000\040\000c\036\347\000a\000\040\000R\000N\000N\000\040\000t\000r\000u\000y\036\301\000n\000\040\000t\000h\036\321\000n\000g}{section.3}% 64
\BOOKMARK [2][-]{subsection.3.3}{\376\377\000K\036\371\000\040\000t\000h\000u\036\255\000t\000\040\000N\000h\000\372\000n\000g\000\040\000t\036\353\000\040\000\050\000W\000o\000r\000d\000\040\000E\000m\000b\000e\000d\000d\000i\000n\000g\000s\000\051}{section.3}% 65
\BOOKMARK [2][-]{subsection.3.4}{\376\377\000T\000h\036\361\000c\000\040\000n\000g\000h\000i\036\307\000m\000\040\000c\000h\000u\000y\000\352\000n\000\040\000s\000\342\000u\000\040\000t\000r\000\352\000n\000\040\0002\000\040\000D\000a\000t\000a\000s\000e\000t\000s\000\040\000\046\000\040\0002\000\040\000M\000o\000d\000e\000l\000s}{section.3}% 66
\BOOKMARK [3][-]{subsubsection.3.4.1}{\376\377\000D\000a\000t\000a\000s\000e\000t\000\040\0001\000:\000\040\000S\000t\000o\000c\000k\000\040\000M\000a\000r\000k\000e\000t\000\040\000S\000e\000n\000t\000i\000m\000e\000n\000t\000\040\000\050\000V\000a\000n\000i\000l\000l\000a\000\040\000R\000N\000N\000\051}{subsection.3.4}% 67
\BOOKMARK [4][-]{paragraph.3.4.1.1}{\376\377\000T\000h\036\361\000c\000\040\000n\000g\000h\000i\036\307\000m\000\040\000v\036\333\000i\000\040\000S\000t\000o\000c\000k\000\040\000M\000a\000r\000k\000e\000t\000\040\000S\000e\000n\000t\000i\000m\000e\000n\000t}{subsubsection.3.4.1}% 68
\BOOKMARK [4][-]{paragraph.3.4.1.2}{\376\377\000M\000\364\000\040\000h\000\354\000n\000h\000\040\000V\000a\000n\000i\000l\000l\000a\000\040\000R\000N\000N}{subsubsection.3.4.1}% 69
\BOOKMARK [4][-]{paragraph.3.4.1.3}{\376\377\000P\000h\000\342\000n\000\040\000t\000\355\000c\000h\000\040\000D\036\357\000\040\000l\000i\036\307\000u\000\040\000v\000\340\000\040\000T\000r\036\361\000c\000\040\000q\000u\000a\000n\000\040\000h\000\363\000a}{subsubsection.3.4.1}% 70
\BOOKMARK [4][-]{paragraph.3.4.1.4}{\376\377\000K\036\277\000t\000\040\000q\000u\036\243\000\040\000h\000u\036\245\000n\000\040\000l\000u\000y\036\307\000n\000\040\000v\000\340\000\040\001\020\000\341\000n\000h\000\040\000g\000i\000\341}{subsubsection.3.4.1}% 71
\BOOKMARK [4][-]{paragraph.3.4.1.5}{\376\377\000P\000h\036\345\000\040\000l\036\345\000c\000:\000\040\000Q\000u\000y\000\040\000t\000r\000\354\000n\000h\000\040\000t\000h\036\361\000c\000\040\000n\000g\000h\000i\036\307\000m\000\040\000c\000h\000i\000\040\000t\000i\036\277\000t}{subsubsection.3.4.1}% 72
\BOOKMARK [3][-]{subsubsection.3.4.2}{\376\377\000D\000a\000t\000a\000s\000e\000t\000\040\0002\000:\000\040\000I\000M\000D\000B\000\040\000M\000o\000v\000i\000e\000\040\000R\000e\000v\000i\000e\000w\000s\000\040\000\050\000B\000i\000d\000i\000r\000e\000c\000t\000i\000o\000n\000a\000l\000\040\000G\000R\000U\000\051}{subsection.3.4}% 73
\BOOKMARK [4][-]{paragraph.3.4.2.1}{\376\377\000P\000h\000\342\000n\000\040\000t\000\355\000c\000h\000\040\000D\036\357\000\040\000l\000i\036\307\000u\000\040\000\050\000E\000D\000A\000\051}{subsubsection.3.4.2}% 74
\BOOKMARK [4][-]{paragraph.3.4.2.2}{\376\377\000M\000\364\000\040\000h\000\354\000n\000h\000\040\000B\000i\000d\000i\000r\000e\000c\000t\000i\000o\000n\000a\000l\000\040\000G\000R\000U}{subsubsection.3.4.2}% 75
\BOOKMARK [4][-]{paragraph.3.4.2.3}{\376\377\000K\036\277\000t\000\040\000q\000u\036\243\000\040\000h\000u\036\245\000n\000\040\000l\000u\000y\036\307\000n\000\040\000v\000\340\000\040\000P\000h\000\342\000n\000\040\000t\000\355\000c\000h}{subsubsection.3.4.2}% 76
\BOOKMARK [4][-]{paragraph.3.4.2.4}{\376\377\000P\000h\036\345\000\040\000l\036\345\000c\000:\000\040\000Q\000u\000y\000\040\000t\000r\000\354\000n\000h\000\040\000t\000h\036\361\000c\000\040\000n\000g\000h\000i\036\307\000m\000\040\000c\000h\000i\000\040\000t\000i\036\277\000t}{subsubsection.3.4.2}% 77
\BOOKMARK [2][-]{subsection.3.5}{\376\377\000S\000o\000\040\000s\000\341\000n\000h\000\040\000v\000\340\000\040\001\020\000\341\000n\000h\000\040\000g\000i\000\341\000\040\000t\036\325\000n\000g\000\040\000h\036\343\000p\000\040\000\050\000B\000e\000n\000c\000h\000m\000a\000r\000k\000i\000n\000g\000\051}{section.3}% 78
\BOOKMARK [2][-]{subsection.3.6}{\376\377\000T\036\325\000n\000g\000\040\000k\036\277\000t\000\040\000C\000h\001\260\001\241\000n\000g\000\040\0003}{section.3}% 79
\BOOKMARK [1][-]{section.4}{\376\377\000M\036\240\000N\000G\000\040\000L\000S\000T\000M\000\040\000V\000\300\000\040\000C\001\240\000\040\000C\000H\036\276\000\040\000A\000T\000T\000E\000N\000T\000I\000O\000N\000\040\000\050\000L\000O\000N\000G\000-\000T\000E\000R\000M\000\040\000M\000E\000M\000O\000R\000Y\000\051}{}% 80
\BOOKMARK [2][-]{subsection.4.1}{\376\377\000T\036\353\000\040\000L\000S\000T\000M\000\040\001\021\036\277\000n\000\040\000C\001\241\000\040\000c\000h\036\277\000\040\000C\000h\000\372\000\040\000\375\000\040\000\050\000A\000t\000t\000e\000n\000t\000i\000o\000n\000\051}{section.4}% 81
\BOOKMARK [2][-]{subsection.4.2}{\376\377\000D\036\361\000\040\000b\000\341\000o\000\040\000c\000h\000u\036\327\000i\000\040\000t\000h\036\335\000i\000\040\000g\000i\000a\000n\000\040\000\050\000T\000i\000m\000e\000\040\000S\000e\000r\000i\000e\000s\000\040\000F\000o\000r\000e\000c\000a\000s\000t\000i\000n\000g\000\051}{section.4}% 82
\BOOKMARK [2][-]{subsection.4.3}{\376\377\000T\000h\036\361\000c\000\040\000n\000g\000h\000i\036\307\000m\000\040\000c\000h\000u\000y\000\352\000n\000\040\000s\000\342\000u\000\040\000t\000r\000\352\000n\000\040\0002\000\040\000D\000a\000t\000a\000s\000e\000t\000s\000\040\000\046\000\040\0002\000\040\000M\000o\000d\000e\000l\000s}{section.4}% 83
\BOOKMARK [3][-]{subsubsection.4.3.1}{\376\377\000D\000a\000t\000a\000s\000e\000t\000\040\0001\000:\000\040\000B\000e\000i\000j\000i\000n\000g\000\040\000A\000i\000r\000\040\000Q\000u\000a\000l\000i\000t\000y\000\040\000\050\000L\000S\000T\000M\000\040\000+\000\040\000M\000u\000l\000t\000i\000-\000v\000a\000r\000i\000a\000t\000e\000\051}{subsection.4.3}% 84
\BOOKMARK [4][-]{paragraph.4.3.1.1}{\376\377\000T\000h\036\361\000c\000\040\000n\000g\000h\000i\036\307\000m\000\040\000v\036\333\000i\000\040\000B\000e\000i\000j\000i\000n\000g\000\040\000A\000i\000r\000\040\000Q\000u\000a\000l\000i\000t\000y}{subsubsection.4.3.1}% 85
\BOOKMARK [4][-]{paragraph.4.3.1.2}{\376\377\000M\000\364\000\040\000h\000\354\000n\000h\000\040\000M\000u\000l\000t\000i\000v\000a\000r\000i\000a\000t\000e\000\040\000L\000S\000T\000M}{subsubsection.4.3.1}% 86
\BOOKMARK [4][-]{paragraph.4.3.1.3}{\376\377\000K\036\277\000t\000\040\000q\000u\036\243\000\040\000t\000h\036\361\000c\000\040\000n\000g\000h\000i\036\307\000m}{subsubsection.4.3.1}% 87
\BOOKMARK [4][-]{paragraph.4.3.1.4}{\376\377\000P\000h\036\345\000\040\000l\036\345\000c\000:\000\040\000Q\000u\000y\000\040\000t\000r\000\354\000n\000h\000\040\000t\000h\036\361\000c\000\040\000n\000g\000h\000i\036\307\000m\000\040\000c\000h\000i\000\040\000t\000i\036\277\000t}{subsubsection.4.3.1}% 88
\BOOKMARK [3][-]{subsubsection.4.3.2}{\376\377\000D\000a\000t\000a\000s\000e\000t\000\040\0002\000:\000\040\000G\000o\000o\000g\000l\000e\000\040\000S\000t\000o\000c\000k\000\040\000P\000r\000i\000c\000e\000\040\000\050\000C\000o\000n\000v\0001\000D\000\040\000+\000\040\000L\000S\000T\000M\000\051}{subsection.4.3}% 89
\BOOKMARK [4][-]{paragraph.4.3.2.1}{\376\377\000T\000h\036\361\000c\000\040\000n\000g\000h\000i\036\307\000m\000\040\000v\036\333\000i\000\040\000G\000o\000o\000g\000l\000e\000\040\000S\000t\000o\000c\000k\000\040\000P\000r\000i\000c\000e}{subsubsection.4.3.2}% 90
\BOOKMARK [4][-]{paragraph.4.3.2.2}{\376\377\000M\000\364\000\040\000h\000\354\000n\000h\000\040\000C\000o\000n\000v\0001\000D\000\040\000+\000\040\000L\000S\000T\000M}{subsubsection.4.3.2}% 91
\BOOKMARK [4][-]{paragraph.4.3.2.3}{\376\377\000K\036\277\000t\000\040\000q\000u\036\243\000\040\000v\000\340\000\040\000P\000h\000\342\000n\000\040\000t\000\355\000c\000h}{subsubsection.4.3.2}% 92
\BOOKMARK [4][-]{paragraph.4.3.2.4}{\376\377\000P\000h\036\345\000\040\000l\036\345\000c\000:\000\040\000Q\000u\000y\000\040\000t\000r\000\354\000n\000h\000\040\000t\000h\036\361\000c\000\040\000n\000g\000h\000i\036\307\000m\000\040\000c\000h\000i\000\040\000t\000i\036\277\000t}{subsubsection.4.3.2}% 93
\BOOKMARK [2][-]{subsection.4.4}{\376\377\000S\000o\000\040\000s\000\341\000n\000h\000\040\000v\000\340\000\040\001\020\000\341\000n\000h\000\040\000g\000i\000\341\000\040\000t\036\325\000n\000g\000\040\000h\036\343\000p\000\040\000\050\000B\000e\000n\000c\000h\000m\000a\000r\000k\000i\000n\000g\000\051}{section.4}% 94
\BOOKMARK [2][-]{subsection.4.5}{\376\377\000T\036\325\000n\000g\000\040\000k\036\277\000t\000\040\000C\000h\001\260\001\241\000n\000g\000\040\0004}{section.4}% 95
\BOOKMARK [1][-]{section*.1}{\376\377\000K\036\276\000T\000\040\000L\000U\036\254\000N}{}% 96
\BOOKMARK [1][-]{section*.2}{\376\377\000T\000\300\000I\000\040\000L\000I\036\306\000U\000\040\000T\000H\000A\000M\000\040\000K\000H\036\242\000O}{}% 97
